// Jest Snapshot v1, https://goo.gl/fbAQLP

exports[`NewAppointment component renders correctly 1`] = `
<div
  className="new_appointment_body"
>
  <header
    className="new_appointment_header"
  >
    <nav>
      <button
        className="back_none"
        onClick={[Function]}
        type="button"
      >
        <img
          alt=""
          src="back.png"
        />
      </button>
    </nav>
  </header>
  <main
    className="new_appointment_main"
  >
    <figure
      className="logo_fig"
    >
      <a
        href="/"
        onClick={[Function]}
      >
        <img
          alt=""
          src="logo.png"
        />
      </a>
    </figure>
    <div
      className="fadebreak_box"
    >
      <figure>
         
        <img
          alt=""
          src="fading_break.png"
        />
         
      </figure>
      <p>
         
        Reserve
         
      </p>
      <figure>
         
        <img
          alt=""
          className="rotate_breakline"
          src="fading_break.png"
        />
         
      </figure>
    </div>
    <form
      action=""
      className="new_appointment_form"
    >
      <fieldset
        className="fieldset_border_none"
      >
        <input
          aria-label="Input Address"
          className="input_name"
          onChange={[Function]}
          placeholder="Address (State and City)"
          required={true}
          type="text"
          value=""
        />
        <input
          aria-label="Input Date and Time"
          className="input_name"
          onChange={[Function]}
          placeholder="Time"
          required={true}
          type="datetime-local"
        />
        <select
          aria-label="Input Label"
          className="input_name"
          id="specializationId"
          onChange={[Function]}
        >
          <option
            aria-label="Input Specialization"
            value=""
          >
            Select Specialization
          </option>
          <option
            aria-label="Input Specialization"
            value="Cardiovascular"
          >
            Cardiovascular
          </option>
          <option
            aria-label="Input Specialization"
            value="Emotional"
          >
            Emotional
          </option>
          <option
            aria-label="Input Specialization"
            value="Romance"
          >
            Romance
          </option>
          <option
            aria-label="Input Specialization"
            value="Sexual"
          >
            Sexual
          </option>
          <option
            aria-label="Input Specialization"
            value="Academic"
          >
            Academic
          </option>
          <option
            aria-label="Input Specialization"
            value="Career"
          >
            Career
          </option>
          <option
            aria-label="Input Specialization"
            value="Marital"
          >
            Marital
          </option>
          <option
            aria-label="Input Specialization"
            value="Dating"
          >
            Dating
          </option>
        </select>
        <select
          aria-label="Input Label"
          className="input_name"
          disabled={true}
          id=""
          onChange={[Function]}
          value={0}
        >
          <option
            value=""
          >
            Select a therapist
          </option>
        </select>
      </fieldset>
      <fieldset
        className="fieldset_border_none new_appointment_action"
      >
        <button
          onClick={[Function]}
          type="button"
        >
           Book
        </button>
      </fieldset>
    </form>
  </main>
  <footer
    className="new_appointment_footer"
  >
    <ul
      className="list_style_none"
    >
      <li>
        <a
          className="td_none"
          href="/new_appointment"
          onClick={[Function]}
        >
           terms 
        </a>
      </li>
      <li>
        <a
          className="td_none"
          href="/new_appointment"
          onClick={[Function]}
        >
            privacy 
        </a>
      </li>
    </ul>
  </footer>
</div>
`;
