// Jest Snapshot v1, https://goo.gl/fbAQLP

exports[`RegisterPage component renders correctly 1`] = `
<div
  className="register_body"
>
  <header
    className="register_header"
  >
    <nav>
      <button
        className="back_none"
        onClick={[Function]}
        type="button"
      >
        <img
          alt=""
          src="back.png"
        />
      </button>
    </nav>
  </header>
  <main
    className="register_main"
  >
    <figure
      className="logo_fig"
    >
      <a
        href="/"
        onClick={[Function]}
      >
        <img
          alt=""
          src="logo.png"
        />
      </a>
    </figure>
    <div
      className="fadebreak_box"
    >
      <figure>
         
        <img
          alt=""
          src="fading_break.png"
        />
         
      </figure>
      <p>
         
         
        Register with
         
         
         
      </p>
      <figure>
         
        <img
          alt=""
          className="rotate_breakline"
          src="fading_break.png"
        />
         
      </figure>
    </div>
    <form
      action=""
      className="register_form"
    >
      <fieldset
        className="fieldset_border_none"
      >
        <input
          aria-label="Input Username"
          className="input_name"
          onChange={[Function]}
          placeholder="Username"
          required={true}
          type="text"
          value=""
        />
        <input
          aria-label="Input Email"
          className="input_name"
          onChange={[Function]}
          placeholder="Email"
          required={true}
          type="email"
          value=""
        />
        <div
          className="password_box"
        >
          <input
            aria-label="Input Password"
            className="input_password"
            onChange={[Function]}
            placeholder="Password"
            required={true}
            type="password"
            value=""
          />
          <figure
            className="eyebox"
          >
            <button
              className="password_display"
              onClick={[Function]}
              type="button"
            >
              <img
                alt=""
                src="eye.png"
              />
            </button>
          </figure>
        </div>
        <div
          className="password_box"
        >
          <input
            aria-label="Input Password"
            className="input_password"
            onChange={[Function]}
            placeholder="Re-enter Password"
            required={true}
            type="password"
            value=""
          />
          <figure
            className="eyebox"
          >
            <button
              className="password_display"
              onClick={[Function]}
              type="button"
            >
              <img
                alt=""
                src="eye.png"
              />
            </button>
          </figure>
        </div>
        <select
          aria-label="Input Label"
          className="input_name"
          id="specializationId"
          onChange={[Function]}
        >
          <option
            aria-label="Input Specialization"
            value=""
          >
            Select Role
          </option>
          <option
            aria-label="Input Specialization"
            value="client"
          >
            Client
          </option>
          <option
            aria-label="Input Specialization"
            value="admin"
          >
            Admin
          </option>
        </select>
      </fieldset>
      <fieldset
        className="fieldset_border_none register_action"
      >
        <button
          onClick={[Function]}
          type="button"
        >
          Submit
        </button>
      </fieldset>
    </form>
    <div
      className="register_main_div"
    >
      <p>
         
        <a
          className="td_none"
          href="/login"
          onClick={[Function]}
        >
          already registered?
        </a>
         
      </p>
    </div>
  </main>
  <footer
    className="register_footer"
  >
    <ul
      className="list_style_none"
    >
      <li>
        <a
          className="td_none"
          href="/register"
          onClick={[Function]}
        >
           terms 
        </a>
      </li>
      <li>
        <a
          className="td_none"
          href="/register"
          onClick={[Function]}
        >
            privacy 
        </a>
      </li>
    </ul>
  </footer>
</div>
`;
