// Jest Snapshot v1, https://goo.gl/fbAQLP

exports[`RegisterPage component renders correctly 1`] = `
<div
  className="land_body"
>
  <main
    className="land_main"
    style={
      Object {
        "backgroundImage": "url(land_image.jpg)",
        "backgroundPosition": "center",
        "backgroundRepeat": "no-repeat",
        "backgroundSize": "contain",
        "height": "85vh",
        "margin": "auto",
        "width": "100%",
      }
    }
  />
  <footer
    className="land_main_footer"
  >
    <fieldset
      className="fieldset_border_none"
    >
      <button
        className="land_btn1"
        type="button"
      >
         
        <a
          className="td_none"
          href="/login"
          onClick={[Function]}
        >
           LOGIN 
        </a>
         
      </button>
    </fieldset>
    <fieldset
      className="fieldset_border_none"
    >
      <button
        className="land_btn1"
        type="button"
      >
        <a
          className="td_none"
          href="/register"
          onClick={[Function]}
        >
           REGISTER 
        </a>
      </button>
    </fieldset>
  </footer>
</div>
`;
